== 1. FNV-1a 64, hand rolled, no library ==
  [ ok ] fnv1a64("")       == cbf29ce484222325
  [ ok ] fnv1a64("a")      == af63dc4c8601ec8c
  [ ok ] fnv1a64("foobar") == 85944171f73967e8
  [ ok ] byte-loop FNV-1a == string FNV-1a on an export line
  [ ok ] FNV-1a is incremental across lines

== 1b. value encoding self-check ==
  [ ok ] LOSS(2) < LOSS(3) < LOSS(9) < DRAW < WIN(1) < WIN(2) < WIN(9)
  [ ok ] V_DIST inverts the encoding
  [ ok ] mirror is order-reversing and adds one half-move
  [ ok ] V_SIGN reads the outcome

== 2. bitboard layout, computed at init, not hard-coded ==
  BOTTOM_MASK = 0x0040810204081
  BOARD_MASK  = 0x0fdfbf7efdfbf
  [ ok ] BOARD_MASK popcount == 42
  [ ok ] STRIDE == HEIGHT+1 == 7
  [ ok ] BOARD_MASK carries no sentinel bit
  [ ok ] BOTTOM_MASK popcount == 7
  [ ok ] BOARD_MASK == BOTTOM_MASK * 63
  [ ok ] each of the 7 columns holds exactly 6 playable squares
  [ ok ] possible_mask(empty) == BOTTOM_MASK (empty board has 7 moves, not 0)
  [ ok ] possible_mask(full) == 0
  [ ok ] consecutive drops in a column take rows 0..5 in order
  [ ok ] drop_bit on a full column is 0
  [ ok ] a full column does not make the next column playable
  [ ok ] no column carry past the sentinel row

== 3. bitboard vs flat-array reference: win detection AND threat
      detection, on EVERY distinct legal position to ply 8 ==
      ply  0:          1 positions
      ply  1:          7 positions
      ply  2:         49 positions
      ply  3:        238 positions
      ply  4:       1120 positions
      ply  5:       4263 positions
      ply  6:      16422 positions
      ply  7:      54131 positions
      ply  8:     182383 positions
  positions compared : 258614
  is_win mismatches  : 0
  threat mismatches  : 0
  structural faults  : 0
  seconds            : 0.20
  [ ok ] bitboard primitives agree with the flat reference everywhere

== 4. TT key (cur+occ) injective, on EVERY state to ply 10 ==
  states walked      : 2415786
  key collisions     : 0
  seconds            : 0.7
  [ ok ] no two distinct states share a TT key

  TT bank 0: 64 MiB, 4194304 entries

== 5. known-answer checks, exact, searched to the end of the game ==
  A  three P1 stones stacked in the centre column, P1 to move
     value(P1) = +1   nodes 1   0.0s
  [ ok ] A  value(P1) == +1   [value specified in the task]
  B  empty board: NOT DETERMINED IN THIS SESSION
     the value of the empty board is the max over all seven
     one-stone positions, and each of those is a full solve of
     the game from ply 1.  Stopped after 40s at 457179214 nodes
     (11.41M nodes/s measured).  No value is asserted.


== 6. solver validation ==
  6a. threat reductions ON vs OFF, independent TT banks,
      the first 16 distinct positions at ply 12
